// Jest Snapshot v1, https://goo.gl/fbAQLP

exports[`Primary button snapshot test 1`] = `
<button
  data-radium={true}
  onBlur={[Function]}
  onClick={[Function]}
  onFocus={[Function]}
  onKeyDown={[Function]}
  onKeyUp={[Function]}
  onMouseDown={[Function]}
  style={
    Object {
      "backgroundColor": "orange",
      "border": "none",
      "borderRadius": "2px",
      "cursor": "pointer",
      "padding": "1px 5px",
    }
  }
>
  0
</button>
`;
